Archive member included because of file (symbol)

c:/winavr-20080610/bin/../lib/gcc/avr/4.3.0/avr25\libgcc.a(_exit.o)
                              c:/winavr-20080610/bin/../lib/gcc/avr/4.3.0/../../../../avr/lib/avr25/crttn861.o (exit)
c:/winavr-20080610/bin/../lib/gcc/avr/4.3.0/avr25\libgcc.a(_copy_data.o)
                              main.o (__do_copy_data)
c:/winavr-20080610/bin/../lib/gcc/avr/4.3.0/avr25\libgcc.a(_clear_bss.o)
                              main.o (__do_clear_bss)

Allocating common symbols
Common symbol       size              file

nextCommutationStep
                    0x1               mc_drv.o
nextDrivePattern    0x1               mc_drv.o
speedReferenceADC   0x2               mc_drv.o
zcPolarity          0x1               mc_drv.o

Memory Configuration

Name             Origin             Length             Attributes
text             0x00000000         0x00002000         xr
data             0x00800060         0x0000ffa0         rw !x
eeprom           0x00810000         0x00010000         rw !x
fuse             0x00820000         0x00000400         rw !x
lock             0x00830000         0x00000400         rw !x
signature        0x00840000         0x00000400         rw !x
*default*        0x00000000         0xffffffff

Linker script and memory map

LOAD c:/winavr-20080610/bin/../lib/gcc/avr/4.3.0/../../../../avr/lib/avr25/crttn861.o
LOAD main.o
LOAD mc_control.o
LOAD mc_drv.o
LOAD c:/winavr-20080610/bin/../lib/gcc/avr/4.3.0/avr25\libgcc.a
LOAD c:/winavr-20080610/bin/../lib/gcc/avr/4.3.0/../../../../avr/lib/avr25\libc.a
LOAD c:/winavr-20080610/bin/../lib/gcc/avr/4.3.0/avr25\libgcc.a

.hash
 *(.hash)

.dynsym
 *(.dynsym)

.dynstr
 *(.dynstr)

.gnu.version
 *(.gnu.version)

.gnu.version_d
 *(.gnu.version_d)

.gnu.version_r
 *(.gnu.version_r)

.rel.init
 *(.rel.init)

.rela.init
 *(.rela.init)

.rel.text
 *(.rel.text)
 *(.rel.text.*)
 *(.rel.gnu.linkonce.t*)

.rela.text
 *(.rela.text)
 *(.rela.text.*)
 *(.rela.gnu.linkonce.t*)

.rel.fini
 *(.rel.fini)

.rela.fini
 *(.rela.fini)

.rel.rodata
 *(.rel.rodata)
 *(.rel.rodata.*)
 *(.rel.gnu.linkonce.r*)

.rela.rodata
 *(.rela.rodata)
 *(.rela.rodata.*)
 *(.rela.gnu.linkonce.r*)

.rel.data
 *(.rel.data)
 *(.rel.data.*)
 *(.rel.gnu.linkonce.d*)

.rela.data
 *(.rela.data)
 *(.rela.data.*)
 *(.rela.gnu.linkonce.d*)

.rel.ctors
 *(.rel.ctors)

.rela.ctors
 *(.rela.ctors)

.rel.dtors
 *(.rel.dtors)

.rela.dtors
 *(.rela.dtors)

.rel.got
 *(.rel.got)

.rela.got
 *(.rela.got)

.rel.bss
 *(.rel.bss)

.rela.bss
 *(.rela.bss)

.rel.plt
 *(.rel.plt)

.rela.plt
 *(.rela.plt)

.text           0x00000000      0x6aa
 *(.vectors)
 .vectors       0x00000000       0x26 c:/winavr-20080610/bin/../lib/gcc/avr/4.3.0/../../../../avr/lib/avr25/crttn861.o
                0x00000000                __vectors
                0x00000000                __vector_default
 *(.vectors)
 *(.progmem.gcc*)
 *(.progmem*)
                0x00000026                . = ALIGN (0x2)
                0x00000026                __trampolines_start = .
 *(.trampolines)
 .trampolines   0x00000026        0x0 linker stubs
 *(.trampolines*)
                0x00000026                __trampolines_end = .
 *(.jumptables)
 *(.jumptables*)
 *(.lowtext)
 *(.lowtext*)
                0x00000026                __ctors_start = .
 *(.ctors)
                0x00000026                __ctors_end = .
                0x00000026                __dtors_start = .
 *(.dtors)
                0x00000026                __dtors_end = .
 SORT(*)(.ctors)
 SORT(*)(.dtors)
 *(.init0)
 .init0         0x00000026        0x0 c:/winavr-20080610/bin/../lib/gcc/avr/4.3.0/../../../../avr/lib/avr25/crttn861.o
                0x00000026                __init
 *(.init0)
 *(.init1)
 *(.init1)
 *(.init2)
 .init2         0x00000026        0xc c:/winavr-20080610/bin/../lib/gcc/avr/4.3.0/../../../../avr/lib/avr25/crttn861.o
 *(.init2)
 *(.init3)
 *(.init3)
 *(.init4)
 .init4         0x00000032       0x16 c:/winavr-20080610/bin/../lib/gcc/avr/4.3.0/avr25\libgcc.a(_copy_data.o)
                0x00000032                __do_copy_data
 .init4         0x00000048       0x10 c:/winavr-20080610/bin/../lib/gcc/avr/4.3.0/avr25\libgcc.a(_clear_bss.o)
                0x00000048                __do_clear_bss
 *(.init4)
 *(.init5)
 *(.init5)
 *(.init6)
 *(.init6)
 *(.init7)
 *(.init7)
 *(.init8)
 *(.init8)
 *(.init9)
 .init9         0x00000058        0x4 c:/winavr-20080610/bin/../lib/gcc/avr/4.3.0/../../../../avr/lib/avr25/crttn861.o
 *(.init9)
 *(.text)
 .text          0x0000005c        0x2 c:/winavr-20080610/bin/../lib/gcc/avr/4.3.0/../../../../avr/lib/avr25/crttn861.o
                0x0000005c                __vector_1
                0x0000005c                __vector_12
                0x0000005c                __bad_interrupt
                0x0000005c                __vector_6
                0x0000005c                __vector_3
                0x0000005c                __vector_11
                0x0000005c                __vector_13
                0x0000005c                __vector_17
                0x0000005c                __vector_7
                0x0000005c                __vector_4
                0x0000005c                __vector_9
                0x0000005c                __vector_2
                0x0000005c                __vector_15
                0x0000005c                __vector_8
                0x0000005c                __vector_10
                0x0000005c                __vector_16
                0x0000005c                __vector_18
 .text          0x0000005e       0x12 main.o
                0x0000005e                main
 .text          0x00000070      0x310 mc_control.o
                0x00000106                mc_start_motor
                0x0000034c                mc_regulation_loop
                0x000000d8                mc_set_duty_cycle
                0x00000070                delay_us
 .text          0x00000380      0x326 mc_drv.o
                0x00000396                PLLInit
                0x000003e0                ADCInit
                0x00000430                PortsInit
                0x00000380                Timer0Init
                0x0000047e                __vector_5
                0x0000044e                mc_init_HW
                0x000005e8                __vector_14
                0x000003ac                PWMInit
 .text          0x000006a6        0x0 c:/winavr-20080610/bin/../lib/gcc/avr/4.3.0/avr25\libgcc.a(_exit.o)
 .text          0x000006a6        0x0 c:/winavr-20080610/bin/../lib/gcc/avr/4.3.0/avr25\libgcc.a(_copy_data.o)
 .text          0x000006a6        0x0 c:/winavr-20080610/bin/../lib/gcc/avr/4.3.0/avr25\libgcc.a(_clear_bss.o)
                0x000006a6                . = ALIGN (0x2)
 *(.text.*)
 .text.libgcc   0x000006a6        0x0 c:/winavr-20080610/bin/../lib/gcc/avr/4.3.0/avr25\libgcc.a(_exit.o)
 .text.libgcc   0x000006a6        0x0 c:/winavr-20080610/bin/../lib/gcc/avr/4.3.0/avr25\libgcc.a(_copy_data.o)
 .text.libgcc   0x000006a6        0x0 c:/winavr-20080610/bin/../lib/gcc/avr/4.3.0/avr25\libgcc.a(_clear_bss.o)
                0x000006a6                . = ALIGN (0x2)
 *(.fini9)
 .fini9         0x000006a6        0x0 c:/winavr-20080610/bin/../lib/gcc/avr/4.3.0/avr25\libgcc.a(_exit.o)
                0x000006a6                exit
                0x000006a6                _exit
 *(.fini9)
 *(.fini8)
 *(.fini8)
 *(.fini7)
 *(.fini7)
 *(.fini6)
 *(.fini6)
 *(.fini5)
 *(.fini5)
 *(.fini4)
 *(.fini4)
 *(.fini3)
 *(.fini3)
 *(.fini2)
 *(.fini2)
 *(.fini1)
 *(.fini1)
 *(.fini0)
 .fini0         0x000006a6        0x4 c:/winavr-20080610/bin/../lib/gcc/avr/4.3.0/avr25\libgcc.a(_exit.o)
 *(.fini0)
                0x000006aa                _etext = .

.data           0x00800060       0x9c load address 0x000006aa
                0x00800060                PROVIDE (__data_start, .)
 *(.data)
 .data          0x00800060        0x0 c:/winavr-20080610/bin/../lib/gcc/avr/4.3.0/../../../../avr/lib/avr25/crttn861.o
 .data          0x00800060        0x0 main.o
 .data          0x00800060       0x78 mc_control.o
                0x00800060                start_delay
 .data          0x008000d8       0x24 mc_drv.o
                0x008000f6                zcTableReverse
                0x008000d8                ADMUXTableForward
                0x008000de                ADMUXTableReverse
                0x008000ea                commTableReverse
                0x008000e4                commTableForward
                0x008000f0                zcTableForward
 .data          0x008000fc        0x0 c:/winavr-20080610/bin/../lib/gcc/avr/4.3.0/avr25\libgcc.a(_exit.o)
 .data          0x008000fc        0x0 c:/winavr-20080610/bin/../lib/gcc/avr/4.3.0/avr25\libgcc.a(_copy_data.o)
 .data          0x008000fc        0x0 c:/winavr-20080610/bin/../lib/gcc/avr/4.3.0/avr25\libgcc.a(_clear_bss.o)
 *(.data*)
 *(.rodata)
 *(.rodata*)
 *(.gnu.linkonce.d*)
                0x008000fc                . = ALIGN (0x2)
                0x008000fc                _edata = .
                0x008000fc                PROVIDE (__data_end, .)

.bss            0x008000fc        0x6 load address 0x00000746
                0x008000fc                PROVIDE (__bss_start, .)
 *(.bss)
 .bss           0x008000fc        0x0 c:/winavr-20080610/bin/../lib/gcc/avr/4.3.0/../../../../avr/lib/avr25/crttn861.o
 .bss           0x008000fc        0x0 main.o
 .bss           0x008000fc        0x0 mc_control.o
 .bss           0x008000fc        0x1 mc_drv.o
                0x008000fc                speedUpdated
 .bss           0x008000fd        0x0 c:/winavr-20080610/bin/../lib/gcc/avr/4.3.0/avr25\libgcc.a(_exit.o)
 .bss           0x008000fd        0x0 c:/winavr-20080610/bin/../lib/gcc/avr/4.3.0/avr25\libgcc.a(_copy_data.o)
 .bss           0x008000fd        0x0 c:/winavr-20080610/bin/../lib/gcc/avr/4.3.0/avr25\libgcc.a(_clear_bss.o)
 *(.bss*)
 *(COMMON)
 COMMON         0x008000fd        0x5 mc_drv.o
                0x008000fd                nextCommutationStep
                0x008000fe                nextDrivePattern
                0x008000ff                speedReferenceADC
                0x00800101                zcPolarity
                0x00800102                PROVIDE (__bss_end, .)
                0x000006aa                __data_load_start = LOADADDR (.data)
                0x00000746                __data_load_end = (__data_load_start + SIZEOF (.data))

.noinit         0x00800102        0x0
                0x00800102                PROVIDE (__noinit_start, .)
 *(.noinit*)
                0x00800102                PROVIDE (__noinit_end, .)
                0x00800102                _end = .
                0x00800102                PROVIDE (__heap_start, .)

.eeprom         0x00810000        0x0
 *(.eeprom*)
                0x00810000                __eeprom_end = .

.fuse
 *(.fuse)
 *(.lfuse)
 *(.hfuse)
 *(.efuse)

.lock
 *(.lock*)

.signature
 *(.signature*)

.stab
 *(.stab)

.stabstr
 *(.stabstr)

.stab.excl
 *(.stab.excl)

.stab.exclstr
 *(.stab.exclstr)

.stab.index
 *(.stab.index)

.stab.indexstr
 *(.stab.indexstr)

.comment
 *(.comment)

.debug
 *(.debug)

.line
 *(.line)

.debug_srcinfo
 *(.debug_srcinfo)

.debug_sfnames
 *(.debug_sfnames)

.debug_aranges  0x00000000       0x60
 *(.debug_aranges)
 .debug_aranges
                0x00000000       0x20 main.o
 .debug_aranges
                0x00000020       0x20 mc_control.o
 .debug_aranges
                0x00000040       0x20 mc_drv.o

.debug_pubnames
                0x00000000      0x1ea
 *(.debug_pubnames)
 .debug_pubnames
                0x00000000       0x1b main.o
 .debug_pubnames
                0x0000001b       0x6f mc_control.o
 .debug_pubnames
                0x0000008a      0x160 mc_drv.o

.debug_info     0x00000000      0x50e
 *(.debug_info)
 .debug_info    0x00000000       0x98 main.o
 .debug_info    0x00000098      0x1f1 mc_control.o
 .debug_info    0x00000289      0x285 mc_drv.o
 *(.gnu.linkonce.wi.*)

.debug_abbrev   0x00000000      0x230
 *(.debug_abbrev)
 .debug_abbrev  0x00000000       0x4a main.o
 .debug_abbrev  0x0000004a       0xf0 mc_control.o
 .debug_abbrev  0x0000013a       0xf6 mc_drv.o

.debug_line     0x00000000      0x602
 *(.debug_line)
 .debug_line    0x00000000       0x76 main.o
 .debug_line    0x00000076      0x271 mc_control.o
 .debug_line    0x000002e7      0x31b mc_drv.o

.debug_frame    0x00000000      0x100
 *(.debug_frame)
 .debug_frame   0x00000000       0x20 main.o
 .debug_frame   0x00000020       0x50 mc_control.o
 .debug_frame   0x00000070       0x90 mc_drv.o

.debug_str      0x00000000      0x29c
 *(.debug_str)
 .debug_str     0x00000000       0xfb main.o
                                0x134 (size before relaxing)
 .debug_str     0x000000fb       0xdb mc_control.o
                                0x206 (size before relaxing)
 .debug_str     0x000001d6       0xc6 mc_drv.o
                                0x25b (size before relaxing)

.debug_loc
 *(.debug_loc)

.debug_macinfo
 *(.debug_macinfo)
OUTPUT(bldc_sensorless_dbg.elf elf32-avr)
LOAD linker stubs
