################################################################################
#                                                                              #
#      IAR Universal Linker V4.61C/386                                         #
#                                                                              #
#           Link time     =  22/Oct/2008  16:31:24                             #
#           Target CPU    =  A90                                               #
#           List file     =  D:\SVN\svnssg\products\avr8\tiny861\software\trun #
#                            k\Deliveries\AVR498\avr498-1_0_1\avr498-1_0_1\App #
#                            lications\MC301_Bldc_Sensorless\Debug\List\bldc_s #
#                            ensorless.map                                     #
#           Output file 1 =  D:\SVN\svnssg\products\avr8\tiny861\software\trun #
#                            k\Deliveries\AVR498\avr498-1_0_1\avr498-1_0_1\App #
#                            lications\MC301_Bldc_Sensorless\Debug\Exe\bldc_se #
#                            nsorless.dbg                                      #
#                            Format: ubrof8                                    #
#                            UBROF version 8.0.2                               #
#           Output file 2 =  D:\SVN\svnssg\products\avr8\tiny861\software\trun #
#                            k\Deliveries\AVR498\avr498-1_0_1\avr498-1_0_1\App #
#                            lications\MC301_Bldc_Sensorless\Debug\Exe\bldc_se #
#                            nsorless.a90                                      #
#                            Format: intel-extended                            #
#           Command line  =  D:\SVN\svnssg\products\avr8\tiny861\software\trun #
#                            k\Deliveries\AVR498\avr498-1_0_1\avr498-1_0_1\App #
#                            lications\MC301_Bldc_Sensorless\Debug\Obj\main.r9 #
#                            0                                                 #
#                            D:\SVN\svnssg\products\avr8\tiny861\software\trun #
#                            k\Deliveries\AVR498\avr498-1_0_1\avr498-1_0_1\App #
#                            lications\MC301_Bldc_Sensorless\Debug\Obj\mc_cont #
#                            rol.r90                                           #
#                            D:\SVN\svnssg\products\avr8\tiny861\software\trun #
#                            k\Deliveries\AVR498\avr498-1_0_1\avr498-1_0_1\App #
#                            lications\MC301_Bldc_Sensorless\Debug\Obj\mc_drv. #
#                            r90                                               #
#                            -o                                                #
#                            D:\SVN\svnssg\products\avr8\tiny861\software\trun #
#                            k\Deliveries\AVR498\avr498-1_0_1\avr498-1_0_1\App #
#                            lications\MC301_Bldc_Sensorless\Debug\Exe\bldc_se #
#                            nsorless.dbg                                      #
#                            -Fubrof8 -l                                       #
#                            D:\SVN\svnssg\products\avr8\tiny861\software\trun #
#                            k\Deliveries\AVR498\avr498-1_0_1\avr498-1_0_1\App #
#                            lications\MC301_Bldc_Sensorless\Debug\List\bldc_s #
#                            ensorless.map                                     #
#                            -xms                                              #
#                            "-IC:\Program Files\IAR Systems\Embedded Workbenc #
#                            h 5.0\avr\LIB\"                                   #
#                            -f                                                #
#                            "C:\Program Files\IAR Systems\Embedded Workbench  #
#                            5.0\avr\src\template\cfgtiny861.xcl"              #
#                            (-D_..X_INTVEC_SIZE=26 -D_..X_FLASH_END=1FFF      #
#                            -D_..X_SRAM_BASE=60                               #
#                            -D_..X_SRAM_TBASE=_..X_SRAM_BASE                  #
#                            -D_..X_SRAM_TSIZE=(100-_..X_SRAM_BASE)            #
#                            -D_..X_SRAM_END=25F                               #
#                            -D_..X_EXT_SRAM_BASE=_..X_SRAM_END                #
#                            -D_..X_EXT_SRAM_SIZE=0                            #
#                            -D_..X_EXT_ROM_BASE=_..X_SRAM_END                 #
#                            -D_..X_EXT_ROM_SIZE=0                             #
#                            -D_..X_EXT_NV_BASE=_..X_SRAM_END                  #
#                            -D_..X_EXT_NV_SIZE=0 -D_..X_EEPROM_END=1FF        #
#                            -D_..X_EEPROM_START=0) -D_..X_HEAP_SIZE=20        #
#                            -D_..X_TINY_HEAP_SIZE=0 -D_..X_NEAR_HEAP_SIZE=0   #
#                            -D_..X_FAR_HEAP_SIZE=0 -D_..X_HUGE_HEAP_SIZE=0    #
#                            -D_..X_CSTACK_SIZE=40 -D_..X_RSTACK_SIZE=20 -f    #
#                            "C:\Program Files\IAR Systems\Embedded Workbench  #
#                            5.0\avr\src\template\cfg1soim.xcl"                #
#                            (-ca90 -w29 -Z(CODE)INTVEC=0-_..X_INTVEC_SIZE     #
#                            -Z(CODE)TINY_F=_..X_FLASH_BASE-FF                 #
#                            -Z(CODE)NEAR_F=_..X_FLASH_BASE-_..X_FLASH_END     #
#                            -Z(CODE)SWITCH=_..X_FLASH_BASE-_..X_FLASH_END     #
#                            -Z(CODE)INITTAB=_..X_FLASH_BASE-_..X_FLASH_END    #
#                            -Z(CODE)DIFUNCT=_..X_FLASH_BASE-_..X_FLASH_END    #
#                            -Z(CODE)CODE=_..X_FLASH_BASE-_..X_FLASH_END       #
#                            -Z(CODE)TINY_ID=_..X_FLASH_BASE-_..X_FLASH_END    #
#                            -Z(CODE)NEAR_ID=_..X_FLASH_BASE-_..X_FLASH_END    #
#                            -Z(CODE)CHECKSUM#_..X_FLASH_END                   #
#                            -Z(DATA)TINY_I,TINY_Z,TINY_N=_..X_SRAM_TBASE:+_.. #
#                            X_SRAM_TSIZE                                      #
#                            -Z(DATA)CSTACK+_..X_CSTACK_SIZE=_..X_CSTACK_BASE- #
#                            _..X_CSTACK_END                                   #
#                            -Z(DATA)HEAP+_..X_HEAP_SIZE=_..X_SRAM_BASE-_..X_S #
#                            RAM_END                                           #
#                            -Z(DATA)IOSTREAM_N#_..X_SRAM_BASE-_..X_SRAM_END   #
#                            -Z(DATA)NEAR_HEAP+_..X_NEAR_HEAP_SIZE=_..X_SRAM_B #
#                            ASE-_..X_SRAM_END                                 #
#                            -Z(DATA)RSTACK+_..X_RSTACK_SIZE=_..X_RSTACK_BASE- #
#                            _..X_RSTACK_END                                   #
#                            -Z(DATA)NEAR_I,NEAR_Z,NEAR_N=_..X_SRAM_BASE-_..X_ #
#                            SRAM_END                                          #
#                            -Z(XDATA)EEPROM_I,EEPROM_N=_..X_EEPROM_START-_..X #
#                            _EEPROM_END)                                      #
#                            -D_..X_FLASH_BASE=_..X_INTVEC_SIZE -H1895         #
#                            -h(CODE)0-(_..X_INTVEC_SIZE-1)                    #
#                            -D_..X_CSTACK_BASE=_..X_SRAM_BASE                 #
#                            -D_..X_CSTACK_END=_..X_SRAM_END                   #
#                            -D_..X_RSTACK_BASE=_..X_SRAM_BASE                 #
#                            -D_..X_RSTACK_END=_..X_SRAM_END                   #
#                            -Ointel-extended=D:\SVN\svnssg\products\avr8\tiny #
#                            861\software\trunk\Deliveries\AVR498\avr498-1_0_1 #
#                            \avr498-1_0_1\Applications\MC301_Bldc_Sensorless\ #
#                            Debug\Exe\bldc_sensorless.a90                     #
#                            -s __program_start                                #
#                            "C:\Program Files\IAR Systems\Embedded Workbench  #
#                            5.0\avr\LIB\CLIB\cl1s-ec_nomul.r90"               #
#                            -e_small_write=_formatted_write                   #
#                            -e_medium_read=_formatted_read                    #
#                                                                              #
#                        Copyright 1987-2008 IAR Systems. All rights reserved. #
################################################################################





                ****************************************
                *                                      *
                *           CROSS REFERENCE            *
                *                                      *
                ****************************************

       Program entry at : CODE      00000000  Relocatable, from module : ?RESET




                ****************************************
                *                                      *
                *            RUNTIME MODEL             *
                *                                      *
                ****************************************

  __64bit_doubles = disabled
  __cpu           = 1
  __cpu_name      = ATtiny861
  __enhanced_core = enabled
  __has_elpm      = false
  __memory_model  = 2
  __rt_version    = 3



                ****************************************
                *                                      *
                *              MODULE MAP              *
                *                                      *
                ****************************************


  DEFINED ABSOLUTE ENTRIES
  PROGRAM MODULE, NAME : ?ABS_ENTRY_MOD

Absolute parts
           ENTRY                   ADDRESS         REF BY
           =====                   =======         ======
           _..X_RSTACK_END         0000025F 
           _..X_RSTACK_BASE        00000060 
           _..X_CSTACK_END         0000025F 
           _..X_CSTACK_BASE        00000060 
           _..X_FLASH_BASE         00000026 
           _..X_RSTACK_SIZE        00000020 
           _..X_CSTACK_SIZE        00000040 
           _..X_HUGE_HEAP_SIZE     00000000 
           _..X_FAR_HEAP_SIZE      00000000 
           _..X_NEAR_HEAP_SIZE     00000000 
           _..X_TINY_HEAP_SIZE     00000000 
           _..X_HEAP_SIZE          00000020 
           _..X_EEPROM_START       00000000 
           _..X_EEPROM_END         000001FF 
           _..X_EXT_NV_SIZE        00000000 
           _..X_EXT_NV_BASE        0000025F 
           _..X_EXT_ROM_SIZE       00000000 
           _..X_EXT_ROM_BASE       0000025F 
           _..X_EXT_SRAM_SIZE      00000000 
           _..X_EXT_SRAM_BASE      0000025F 
           _..X_SRAM_END           0000025F 
           _..X_SRAM_TSIZE         000000A0 
           _..X_SRAM_TBASE         00000060 
           _..X_SRAM_BASE          00000060 
           _..X_FLASH_END          00001FFF 
           _..X_INTVEC_SIZE        00000026 
    *************************************************************************

  FILE NAME : D:\SVN\svnssg\products\avr8\tiny861\software\trunk\Deliveries\AVR498\avr498-1_0_1\avr498-1_0_1\Applications\MC301_Bldc_Sensorless\Debug\Obj\main.r90
  PROGRAM MODULE, NAME : main

  SEGMENTS IN THE MODULE
  ======================
CODE
  Relative segment, address: CODE 000000B6 - 000000BF (0xa bytes), align: 1
  Segment part 7.
           ENTRY                   ADDRESS         REF BY
           =====                   =======         ======
           main                    000000B6        ?cstartup_call_main (?C_STARTUP)
               calls direct
               stack 1 = 00000000 ( 00000000 )
               stack 2 = 00000000 ( 00000002 )

    *************************************************************************

  FILE NAME : D:\SVN\svnssg\products\avr8\tiny861\software\trunk\Deliveries\AVR498\avr498-1_0_1\avr498-1_0_1\Applications\MC301_Bldc_Sensorless\Debug\Obj\mc_control.r90
  PROGRAM MODULE, NAME : mc_control

  SEGMENTS IN THE MODULE
  ======================
ABSOLUTE
  Relative segment, address: DATA 00000059 - 00000059 (0x1 bytes), align: 0
  Segment part 1.             Intra module refs:   Commutate (mc_drv)
                                                   MotorPWMBottom (mc_drv)
                                                   mc_start_motor
           ENTRY                   ADDRESS         REF BY
           =====                   =======         ======
           _A_TIMSK                00000059 
    -------------------------------------------------------------------------
ABSOLUTE
  Relative segment, address: DATA 00000052 - 00000052 (0x1 bytes), align: 0
  Segment part 2.             Intra module refs:   Commutate (mc_drv)
                                                   MotorPWMBottom (mc_drv)
                                                   mc_start_motor
           ENTRY                   ADDRESS         REF BY
           =====                   =======         ======
           _A_TCNT0L               00000052 
    -------------------------------------------------------------------------
ABSOLUTE
  Relative segment, address: DATA 0000004D - 0000004D (0x1 bytes), align: 0
  Segment part 3.             Intra module refs:   mc_set_duty_cycle
           ENTRY                   ADDRESS         REF BY
           =====                   =======         ======
           _A_OCR1A                0000004D 
    -------------------------------------------------------------------------
ABSOLUTE
  Relative segment, address: DATA 00000045 - 00000045 (0x1 bytes), align: 0
  Segment part 4.             Intra module refs:   PWMInit (mc_drv)
                                                   mc_set_duty_cycle
           ENTRY                   ADDRESS         REF BY
           =====                   =======         ======
           _A_TC1H                 00000045 
    -------------------------------------------------------------------------
ABSOLUTE
  Relative segment, address: DATA 00000034 - 00000034 (0x1 bytes), align: 0
  Segment part 5.             Intra module refs:   Commutate (mc_drv)
                                                   MotorPWMBottom (mc_drv)
                                                   mc_start_motor
           ENTRY                   ADDRESS         REF BY
           =====                   =======         ======
           _A_TCNT0H               00000034 
    -------------------------------------------------------------------------
ABSOLUTE
  Relative segment, address: DATA 00000027 - 00000027 (0x1 bytes), align: 0
  Segment part 6.             Intra module refs:   ADCInit (mc_drv)
                                                   Commutate (mc_drv)
                                                   MotorPWMBottom (mc_drv)
                                                   mc_start_motor
           ENTRY                   ADDRESS         REF BY
           =====                   =======         ======
           _A_ADMUX                00000027 
    -------------------------------------------------------------------------
ABSOLUTE
  Relative segment, address: DATA 00000020 - 00000020 (0x1 bytes), align: 0
  Segment part 7.             Intra module refs:   Commutate (mc_drv)
                                                   mc_start_motor
           ENTRY                   ADDRESS         REF BY
           =====                   =======         ======
           _A_TCCR1E               00000020 
    -------------------------------------------------------------------------
NEAR_F
  Relative segment, address: CODE 00000026 - 0000009D (0x78 bytes), align: 0
  Segment part 14.            Intra module refs:   mc_start_motor
           ENTRY                   ADDRESS         REF BY
           =====                   =======         ======
           start_delay             00000026 
    -------------------------------------------------------------------------
CODE
  Relative segment, address: CODE 000000C0 - 00000111 (0x52 bytes), align: 1
  Segment part 15.            Intra module refs:   mc_start_motor
           ENTRY                   ADDRESS         REF BY
           =====                   =======         ======
           delay_us                000000C0 
               stack 1 = 00000000 ( 00000008 )
               stack 2 = 00000000 ( 00000002 )
    -------------------------------------------------------------------------
CODE
  Relative segment, address: CODE 00000112 - 0000011F (0xe bytes), align: 1
  Segment part 16.            Intra module refs:   mc_regulation_loop
                                                   mc_start_motor
           ENTRY                   ADDRESS         REF BY
           =====                   =======         ======
           mc_set_duty_cycle       00000112 
               stack 1 = 00000000 ( 00000000 )
               stack 2 = 00000000 ( 00000002 )
    -------------------------------------------------------------------------
CODE
  Relative segment, address: CODE 00000120 - 000002D1 (0x1b2 bytes), align: 1
  Segment part 17.
           ENTRY                   ADDRESS         REF BY
           =====                   =======         ======
           mc_start_motor          00000120        main (main)
               calls direct
               stack 1 = 00000000 ( 00000003 )
               stack 2 = 00000000 ( 00000002 )
    -------------------------------------------------------------------------
CODE
  Relative segment, address: CODE 000002D2 - 000002F3 (0x22 bytes), align: 1
  Segment part 18.
           ENTRY                   ADDRESS         REF BY
           =====                   =======         ======
           mc_regulation_loop      000002D2        main (main)
               calls direct
               stack 1 = 00000000 ( 00000000 )
               stack 2 = 00000000 ( 00000004 )

    *************************************************************************

  FILE NAME : D:\SVN\svnssg\products\avr8\tiny861\software\trunk\Deliveries\AVR498\avr498-1_0_1\avr498-1_0_1\Applications\MC301_Bldc_Sensorless\Debug\Obj\mc_drv.r90
  PROGRAM MODULE, NAME : mc_drv

  SEGMENTS IN THE MODULE
  ======================
ABSOLUTE
  Relative segment, address: DATA 0000005F - 0000005F (0x1 bytes), align: 0
  Segment part 1.             Intra module refs:   Set_cpu_prescaler
           ENTRY                   ADDRESS         REF BY
           =====                   =======         ======
           _A_SREG                 0000005F 
    -------------------------------------------------------------------------
ABSOLUTE
  Relative segment, address: DATA 00000058 - 00000058 (0x1 bytes), align: 0
  Segment part 3.             Intra module refs:   Commutate
                                                   MotorPWMBottom
           ENTRY                   ADDRESS         REF BY
           =====                   =======         ======
           _A_TIFR                 00000058 
    -------------------------------------------------------------------------
ABSOLUTE
  Relative segment, address: DATA 00000053 - 00000053 (0x1 bytes), align: 0
  Segment part 4.             Intra module refs:   Timer0Init
           ENTRY                   ADDRESS         REF BY
           =====                   =======         ======
           _A_TCCR0B               00000053 
    -------------------------------------------------------------------------
ABSOLUTE
  Relative segment, address: DATA 00000050 - 00000050 (0x1 bytes), align: 0
  Segment part 6.             Intra module refs:   PWMInit
           ENTRY                   ADDRESS         REF BY
           =====                   =======         ======
           _A_TCCR1A               00000050 
    -------------------------------------------------------------------------
ABSOLUTE
  Relative segment, address: DATA 0000004F - 0000004F (0x1 bytes), align: 0
  Segment part 7.             Intra module refs:   PWMInit
           ENTRY                   ADDRESS         REF BY
           =====                   =======         ======
           _A_TCCR1B               0000004F 
    -------------------------------------------------------------------------
ABSOLUTE
  Relative segment, address: DATA 0000004B - 0000004B (0x1 bytes), align: 0
  Segment part 8.             Intra module refs:   PWMInit
           ENTRY                   ADDRESS         REF BY
           =====                   =======         ======
           _A_OCR1C                0000004B 
    -------------------------------------------------------------------------
ABSOLUTE
  Relative segment, address: DATA 00000049 - 00000049 (0x1 bytes), align: 0
  Segment part 9.             Intra module refs:   PLLInit
           ENTRY                   ADDRESS         REF BY
           =====                   =======         ======
           _A_PLLCSR               00000049 
    -------------------------------------------------------------------------
ABSOLUTE
  Relative segment, address: DATA 00000048 - 00000048 (0x1 bytes), align: 0
  Segment part 10.            Intra module refs:   Set_cpu_prescaler
           ENTRY                   ADDRESS         REF BY
           =====                   =======         ======
           _A_CLKPR                00000048 
    -------------------------------------------------------------------------
ABSOLUTE
  Relative segment, address: DATA 00000046 - 00000046 (0x1 bytes), align: 0
  Segment part 11.            Intra module refs:   PWMInit
           ENTRY                   ADDRESS         REF BY
           =====                   =======         ======
           _A_TCCR1D               00000046 
    -------------------------------------------------------------------------
ABSOLUTE
  Relative segment, address: DATA 00000037 - 00000037 (0x1 bytes), align: 0
  Segment part 13.            Intra module refs:   PortsInit
           ENTRY                   ADDRESS         REF BY
           =====                   =======         ======
           _A_DDRB                 00000037 
    -------------------------------------------------------------------------
ABSOLUTE
  Relative segment, address: DATA 00000033 - 00000033 (0x1 bytes), align: 0
  Segment part 15.            Intra module refs:   MotorPWMBottom
           ENTRY                   ADDRESS         REF BY
           =====                   =======         ======
           _A_OCR0A                00000033 
    -------------------------------------------------------------------------
ABSOLUTE
  Relative segment, address: DATA 00000026 - 00000026 (0x1 bytes), align: 0
  Segment part 17.            Intra module refs:   ADCInit
                                                   MotorPWMBottom
           ENTRY                   ADDRESS         REF BY
           =====                   =======         ======
           _A_ADCSRA               00000026 
    -------------------------------------------------------------------------
ABSOLUTE
  Relative segment, address: DATA 00000024 - 00000025 (0x2 bytes), align: 0
  Segment part 18.            Intra module refs:   ADCInit
                                                   MotorPWMBottom
           ENTRY                   ADDRESS         REF BY
           =====                   =======         ======
           _A_ADC                  00000024 
    -------------------------------------------------------------------------
ABSOLUTE
  Relative segment, address: DATA 00000023 - 00000023 (0x1 bytes), align: 0
  Segment part 19.            Intra module refs:   ADCInit
           ENTRY                   ADDRESS         REF BY
           =====                   =======         ======
           _A_ADCSRB               00000023 
    -------------------------------------------------------------------------
ABSOLUTE
  Relative segment, address: DATA 00000021 - 00000021 (0x1 bytes), align: 0
  Segment part 20.            Intra module refs:   PortsInit
           ENTRY                   ADDRESS         REF BY
           =====                   =======         ======
           _A_DIDR0                00000021 
    -------------------------------------------------------------------------
NEAR_F
  Relative segment, address: CODE 0000009E - 000000A3 (0x6 bytes), align: 0
  Segment part 30.            Intra module refs:   Commutate
           ENTRY                   ADDRESS         REF BY
           =====                   =======         ======
           ADMUXTableForward       0000009E        mc_start_motor (mc_control)
    -------------------------------------------------------------------------
NEAR_F
  Relative segment, address: CODE 000000A4 - 000000A9 (0x6 bytes), align: 0
  Segment part 32.            Intra module refs:   Commutate
           ENTRY                   ADDRESS         REF BY
           =====                   =======         ======
           commTableForward        000000A4        mc_start_motor (mc_control)
    -------------------------------------------------------------------------
NEAR_F
  Relative segment, address: CODE 000000AA - 000000AF (0x6 bytes), align: 0
  Segment part 34.            Intra module refs:   Commutate
           ENTRY                   ADDRESS         REF BY
           =====                   =======         ======
           zcTableForward          000000AA        mc_start_motor (mc_control)
    -------------------------------------------------------------------------
NEAR_Z
  Relative segment, address: DATA 000000C0 - 000000C0 (0x1 bytes), align: 0
  Segment part 38.            Intra module refs:   Commutate
                                                   MotorPWMBottom
           ENTRY                   ADDRESS         REF BY
           =====                   =======         ======
           zcPolarity              000000C0        mc_start_motor (mc_control)
    -------------------------------------------------------------------------
NEAR_Z
  Relative segment, address: DATA 000000C1 - 000000C1 (0x1 bytes), align: 0
  Segment part 39.            Intra module refs:   Commutate
           ENTRY                   ADDRESS         REF BY
           =====                   =======         ======
           nextCommutationStep     000000C1        mc_start_motor (mc_control)
    -------------------------------------------------------------------------
NEAR_Z
  Relative segment, address: DATA 000000C2 - 000000C3 (0x2 bytes), align: 0
  Segment part 40.            Intra module refs:   ADCInit
                                                   MotorPWMBottom
           ENTRY                   ADDRESS         REF BY
           =====                   =======         ======
           speedReferenceADC       000000C2        mc_regulation_loop (mc_control)
    -------------------------------------------------------------------------
NEAR_Z
  Relative segment, address: DATA 000000C4 - 000000C4 (0x1 bytes), align: 0
  Segment part 41.            Intra module refs:   MotorPWMBottom
           ENTRY                   ADDRESS         REF BY
           =====                   =======         ======
           speedUpdated            000000C4        mc_regulation_loop (mc_control)
    -------------------------------------------------------------------------
CODE
  Relative segment, address: CODE 000002F4 - 000002F9 (0x6 bytes), align: 1
  Segment part 42.            Intra module refs:   mc_init_HW
           ENTRY                   ADDRESS         REF BY
           =====                   =======         ======
           Timer0Init              000002F4 
               stack 1 = 00000000 ( 00000000 )
               stack 2 = 00000000 ( 00000002 )
    -------------------------------------------------------------------------
CODE
  Relative segment, address: CODE 000002FA - 000002FF (0x6 bytes), align: 1
  Segment part 43.            Intra module refs:   mc_init_HW
           ENTRY                   ADDRESS         REF BY
           =====                   =======         ======
           PLLInit                 000002FA 
               stack 1 = 00000000 ( 00000000 )
               stack 2 = 00000000 ( 00000002 )
    -------------------------------------------------------------------------
CODE
  Relative segment, address: CODE 00000300 - 00000315 (0x16 bytes), align: 1
  Segment part 44.            Intra module refs:   mc_init_HW
           ENTRY                   ADDRESS         REF BY
           =====                   =======         ======
           PWMInit                 00000300 
               stack 1 = 00000000 ( 00000000 )
               stack 2 = 00000000 ( 00000002 )
    -------------------------------------------------------------------------
CODE
  Relative segment, address: CODE 00000316 - 00000337 (0x22 bytes), align: 1
  Segment part 45.            Intra module refs:   mc_init_HW
           ENTRY                   ADDRESS         REF BY
           =====                   =======         ======
           ADCInit                 00000316 
               stack 1 = 00000000 ( 00000000 )
               stack 2 = 00000000 ( 00000002 )
    -------------------------------------------------------------------------
CODE
  Relative segment, address: CODE 00000338 - 00000341 (0xa bytes), align: 1
  Segment part 46.            Intra module refs:   mc_init_HW
           ENTRY                   ADDRESS         REF BY
           =====                   =======         ======
           PortsInit               00000338 
               stack 1 = 00000000 ( 00000000 )
               stack 2 = 00000000 ( 00000002 )
    -------------------------------------------------------------------------
CODE
  Relative segment, address: CODE 00000342 - 00000351 (0x10 bytes), align: 1
  Segment part 47.
           ENTRY                   ADDRESS         REF BY
           =====                   =======         ======
           mc_init_HW              00000342        main (main)
               calls direct
               stack 1 = 00000000 ( 00000000 )
               stack 2 = 00000000 ( 00000002 )
    -------------------------------------------------------------------------
CODE
  Relative segment, address: CODE 00000352 - 00000371 (0x20 bytes), align: 1
  Segment part 48.            Intra module refs:   mc_init_HW
           ENTRY                   ADDRESS         REF BY
           =====                   =======         ======
           Set_cpu_prescaler       00000352 
               stack 1 = 00000000 ( 00000000 )
               stack 2 = 00000000 ( 00000002 )
    -------------------------------------------------------------------------
CODE
  Relative segment, address: CODE 00000372 - 00000429 (0xb8 bytes), align: 1
  Segment part 49.            Intra module refs:   MotorPWMBottom::??INTVEC 10
           ENTRY                   ADDRESS         REF BY
           =====                   =======         ======
           MotorPWMBottom          00000372 
               interrupt function
               stack 1 = 00000000 ( 0000000B )
               stack 2 = 00000000 ( 00000002 )
    -------------------------------------------------------------------------
CODE
  Relative segment, address: CODE 0000042A - 000004A5 (0x7c bytes), align: 1
  Segment part 50.            Intra module refs:   Commutate::??INTVEC 28
           ENTRY                   ADDRESS         REF BY
           =====                   =======         ======
           Commutate               0000042A 
               interrupt function
               stack 1 = 00000000 ( 00000005 )
               stack 2 = 00000000 ( 00000002 )
    -------------------------------------------------------------------------
INTVEC
  Common segment, address: CODE 00000000 - 0000000B (0xc bytes), align: 1
  Segment part 26. ROOT.
           ENTRY                   ADDRESS         REF BY
           =====                   =======         ======
           MotorPWMBottom::??INTVEC 10
                                   0000000A 
    -------------------------------------------------------------------------
INTVEC
  Common segment, address: CODE 00000000 - 0000001D (0x1e bytes), align: 1
  Segment part 27. ROOT.
           ENTRY                   ADDRESS         REF BY
           =====                   =======         ======
           Commutate::??INTVEC 28
                                   0000001C 
    -------------------------------------------------------------------------
INITTAB
  Relative segment, address: CODE 000000B0 - 000000B5 (0x6 bytes), align: 0
  Segment part 37.            Intra module refs:   nextCommutationStep
                                                   speedReferenceADC
                                                   speedUpdated
                                                   zcPolarity
           ENTRY                   ADDRESS         REF BY
           =====                   =======         ======
           ?<Segment init: NEAR_Z>
                                   000000B0 

    *************************************************************************

  FILE NAME : C:\Program Files\IAR Systems\Embedded Workbench 5.0\avr\LIB\CLIB\cl1s-ec_nomul.r90
  LIBRARY MODULE, NAME : ?__exit

  SEGMENTS IN THE MODULE
  ======================
CODE
  Relative segment, address: CODE 000004A6 - 000004AB (0x6 bytes), align: 1
  Segment part 0.
           ENTRY                   ADDRESS         REF BY
           =====                   =======         ======
           __exit                  000004A8 
           ?C_EXIT                 000004A8 
           ?C_FUNCALL              000004A6 
           _exit                   000004A6        ?cstartup_call_main (?C_STARTUP)
           exit                    000004A6        ?cstartup_call_main (?C_STARTUP)

    -------------------------------------------------------------------------
  LIBRARY MODULE, NAME : ?RESET

  SEGMENTS IN THE MODULE
  ======================
INTVEC
  Common segment, address: CODE 00000000 - 00000001 (0x2 bytes), align: 1
  Segment part 0. ROOT.
           ENTRY                   ADDRESS         REF BY
           =====                   =======         ======
           __program_start         00000000        Absolute parts (?ABS_ENTRY_MOD)
           ?RESET                  00000000        Segment part 2 (?C_STARTUP)

    -------------------------------------------------------------------------
  LIBRARY MODULE, NAME : ?C_STARTUP

  SEGMENTS IN THE MODULE
  ======================
CODE
  Relative segment, address: CODE 000004AC, align: 1
  Segment part 2.
           ENTRY                   ADDRESS         REF BY
           =====                   =======         ======
           ?C_STARTUP              000004AC        Segment part 0 (?RESET)
           __RESTART               000004AC 
    -------------------------------------------------------------------------
CODE
  Relative segment, address: CODE 000004AC - 000004B7 (0xc bytes), align: 1
  Segment part 5.             Intra module refs:   Segment part 2
    -------------------------------------------------------------------------
CODE
  Relative segment, address: CODE 000004B8 - 000004B9 (0x2 bytes), align: 1
  Segment part 7.             Intra module refs:   Segment part 5
           ENTRY                   ADDRESS         REF BY
           =====                   =======         ======
           ?call_low_level_init    000004B8 
    -------------------------------------------------------------------------
CODE
  Relative segment, address: CODE 000004BA - 000004BF (0x6 bytes), align: 1
  Segment part 8.
           ENTRY                   ADDRESS         REF BY
           =====                   =======         ======
           ?need_segment_init      000004BA        ?<Segment init: NEAR_Z> (mc_drv)
    -------------------------------------------------------------------------
CODE
  Relative segment, address: CODE 000004C0 - 000004C5 (0x6 bytes), align: 1
  Segment part 9.             Intra module refs:   ?call_low_level_init
           ENTRY                   ADDRESS         REF BY
           =====                   =======         ======
           ?cstartup_call_main     000004C0 

    -------------------------------------------------------------------------
  LIBRARY MODULE, NAME : ?US_SHR_L02

  SEGMENTS IN THE MODULE
  ======================
CODE
  Relative segment, address: CODE 000004C6 - 000004D1 (0xc bytes), align: 1
  Segment part 0.
           ENTRY                   ADDRESS         REF BY
           =====                   =======         ======
           ?US_SHR_L02             000004C6        mc_regulation_loop (mc_control)

    -------------------------------------------------------------------------
  LIBRARY MODULE, NAME : ?PROLOGUE_L09

  SEGMENTS IN THE MODULE
  ======================
CODE
  Relative segment, address: CODE 000004D2 - 000004D3 (0x2 bytes), align: 1
  Segment part 13.
           ENTRY                   ADDRESS         REF BY
           =====                   =======         ======
           ?PROLOGUE3_L09          000004D2        mc_start_motor (mc_control)
    -------------------------------------------------------------------------
CODE
  Relative segment, address: CODE 000004D4 - 000004D5 (0x2 bytes), align: 1
  Segment part 14.            Intra module refs:   ?PROLOGUE3_L09
           ENTRY                   ADDRESS         REF BY
           =====                   =======         ======
           ?PROLOGUE2_L09          000004D4 
    -------------------------------------------------------------------------
CODE
  Relative segment, address: CODE 000004D6 - 000004D7 (0x2 bytes), align: 1
  Segment part 15.            Intra module refs:   ?PROLOGUE2_L09
           ENTRY                   ADDRESS         REF BY
           =====                   =======         ======
           ?PROLOGUE1_L09          000004D6 
    -------------------------------------------------------------------------
CODE
  Relative segment, address: CODE 000004D8 - 000004D9 (0x2 bytes), align: 1
  Segment part 16.            Intra module refs:   ?PROLOGUE1_L09

    -------------------------------------------------------------------------
  LIBRARY MODULE, NAME : ?EPILOGUE_B_L09

  SEGMENTS IN THE MODULE
  ======================
CODE
  Relative segment, address: CODE 000004DA - 000004DB (0x2 bytes), align: 1
  Segment part 13.
           ENTRY                   ADDRESS         REF BY
           =====                   =======         ======
           ?EPILOGUE_B3_L09        000004DA        mc_start_motor (mc_control)
    -------------------------------------------------------------------------
CODE
  Relative segment, address: CODE 000004DC - 000004DD (0x2 bytes), align: 1
  Segment part 14.            Intra module refs:   ?EPILOGUE_B3_L09
           ENTRY                   ADDRESS         REF BY
           =====                   =======         ======
           ?EPILOGUE_B2_L09        000004DC 
    -------------------------------------------------------------------------
CODE
  Relative segment, address: CODE 000004DE - 000004DF (0x2 bytes), align: 1
  Segment part 15.            Intra module refs:   ?EPILOGUE_B2_L09
           ENTRY                   ADDRESS         REF BY
           =====                   =======         ======
           ?EPILOGUE_B1_L09        000004DE 
    -------------------------------------------------------------------------
CODE
  Relative segment, address: CODE 000004E0 - 000004E9 (0xa bytes), align: 1
  Segment part 16.            Intra module refs:   ?EPILOGUE_B1_L09
           ENTRY                   ADDRESS         REF BY
           =====                   =======         ======
           ?EPILOGUE_B0_L09        000004E0 

    -------------------------------------------------------------------------
  LIBRARY MODULE, NAME : ?low_level_init

  SEGMENTS IN THE MODULE
  ======================
CODE
  Relative segment, address: CODE 000004EA - 000004ED (0x4 bytes), align: 1
  Segment part 3.
           ENTRY                   ADDRESS         REF BY
           =====                   =======         ======
           __low_level_init        000004EA        ?call_low_level_init (?C_STARTUP)
               stack 1 = 00000000 ( 00000000 )
               stack 2 = 00000000 ( 00000002 )

    -------------------------------------------------------------------------
  LIBRARY MODULE, NAME : ?segment_init

  SEGMENTS IN THE MODULE
  ======================
CODE
  Relative segment, address: CODE 000004EE - 000004F5 (0x8 bytes), align: 1
  Segment part 3.             Intra module refs:   __segment_init
           LOCAL                   ADDRESS         
           =====                   =======         
           __memclr                000004EE 
               stack 1 = 00000000 ( 00000000 )
               stack 2 = 00000000 ( 00000002 )
    -------------------------------------------------------------------------
CODE
  Relative segment, address: CODE 000004F6 - 000004FD (0x8 bytes), align: 1
  Segment part 4.             Intra module refs:   __segment_init
           LOCAL                   ADDRESS         
           =====                   =======         
           __flashcpy              000004F6 
               stack 1 = 00000000 ( 00000000 )
               stack 2 = 00000000 ( 00000002 )
    -------------------------------------------------------------------------
CODE
  Relative segment, address: CODE 000004FE - 00000509 (0xc bytes), align: 1
  Segment part 5.             Intra module refs:   __flashcpy
                                                   __memclr
    -------------------------------------------------------------------------
CODE
  Relative segment, address: CODE 0000050A - 0000053D (0x34 bytes), align: 1
  Segment part 6.
           ENTRY                   ADDRESS         REF BY
           =====                   =======         ======
           __segment_init          0000050A        ?need_segment_init (?C_STARTUP)
               calls direct
               stack 1 = 00000000 ( 00000000 )
               stack 2 = 00000000 ( 00000002 )

    *************************************************************************

  DEFINED ABSOLUTE ENTRIES
  PROGRAM MODULE, NAME : ?FILLER_BYTES

  SEGMENTS IN THE MODULE
  ======================
INTVEC
  Common segment, address: CODE 00000000 - 0000001D (0x1e bytes), align: 0
  Segment part 1.
    -------------------------------------------------------------------------
?FILL1
  Relative segment, address: CODE 0000001E - 00000025 (0x8 bytes), align: 0
  Segment part 0.




                ****************************************
                *                                      *
                *      SEGMENTS IN ADDRESS ORDER       *
                *                                      *
                ****************************************


SEGMENT              SPACE    START ADDRESS   END ADDRESS     SIZE  TYPE  ALIGN
=======              =====    =============   ===========     ====  ====  =====
INTVEC               CODE          00000000 - 0000001D          1E   com    1
?FILL1               CODE          0000001E - 00000025           8   rel    0
NEAR_F               CODE          00000026 - 000000AF          8A   rel    0
INITTAB              CODE          000000B0 - 000000B5           6   rel    0
CODE                 CODE          000000B6 - 0000053D         488   rel    1
ABSOLUTE             DATA          00000020 - 00000021           2   rel    0
                     DATA          00000023 - 00000027           5 
                     DATA          00000033 - 00000034           2 
                     DATA          00000037 - 00000037           1 
                     DATA          00000045 - 00000046           2 
                     DATA          00000048 - 00000049           2 
                     DATA          0000004B - 0000004B           1 
                     DATA          0000004D - 0000004D           1 
                     DATA          0000004F - 00000050           2 
                     DATA          00000052 - 00000053           2 
                     DATA          00000058 - 00000059           2 
                     DATA          0000005F - 0000005F           1 
CSTACK               DATA          00000060 - 0000009F          40   dse    0
RSTACK               DATA          000000A0 - 000000BF          20   dse    0
NEAR_I               DATA               000000C0                     dse    0
NEAR_Z               DATA          000000C0 - 000000C4           5   rel    0

                ****************************************
                *                                      *
                *        END OF CROSS REFERENCE        *
                *                                      *
                ****************************************

 1 334 bytes of CODE memory (+             8 range fill )
   101 bytes of DATA memory (+ 23 absolute )

Errors: none
Warnings: none

